<html>
<body>

  <h1>Encrypted: Ncjji&amp;Qitjb&#039;</h1>

</body>
</html>
